[duge.lol/index.html]
[backblue.gif]
[fade.gif]
[index.html]
[duge.lol/favicon-32x32.png]
[duge.lol/apple-touch-icon.png]
[duge.lol/favicon-16x16.png]
[duge.lol/favicon.ico]
[duge.lol/site.webmanifest]
[cdnjs.cloudflare.com/ajax/libs/font-awesome/6.5.1/css/all.min.css]
[cdn.jsdelivr.net/npm/bootstrap@4.6.2/dist/css/bootstrap.min.css]
[duge.lol/style5ed3.css]
[cdn.jsdelivr.net/npm/toastify-js/src/toastify.min.css]
[duge.lol/index-2.html]
[duge.lol/images/duge.png]
[duge.lol/images/dugelol.png]
[duge.lol/images/logos/pinksale.png]
[duge.lol/images/logos/solana.png]
[duge.lol/images/logos/dex-view-logo.png]
[duge.lol/images/logos/raydium.png]
[duge.lol/images/logos/coinmarketcap.png]
[duge.lol/images/logos/CoinGecko_logo.png]
[duge.lol/images/logos/avedex.png]
[duge.lol/images/logos/dextools.svg]
[duge.lol/images/logos/jupiter-logo.svg]
[duge.lol/images/logos/dexscreener.png]
[duge.lol/images/logos/come.png]
[duge.lol/images/logos/birdeye.png]
[duge.lol/duge_pure.png]
[duge.lol/cdn-cgi/l/email-protection.html]
[duge.lol/cdn-cgi/scripts/5c5dd728/cloudflare-static/email-decode.min.js]
[duge.lol/app.js]
[cdn.jsdelivr.net/npm/jquery@3.5.1/dist/jquery.slim.min.js]
[duge.lol/index.html]
[cdnjs.cloudflare.com/ajax/libs/font-awesome/6.5.1/css/all.min.css]
[cdn.jsdelivr.net/npm/bootstrap@4.6.2/dist/css/bootstrap.min.css]
[cdn.jsdelivr.net/npm/bootstrap@4.6.2/dist/js/bootstrap.bundle.min.js]
[duge.lol/style5ed3.css]
[cdn.jsdelivr.net/npm/toastify-js/src/toastify.min.css]
[duge.lol/index-2.html]
[duge.lol/images/logos/dextools.svg]
[duge.lol/images/logos/jupiter-logo.svg]
[duge.lol/cdn-cgi/l/email-protection.html]
[duge.lol/font/nf-ananias-regular.ttf]
